[%~ %?] [~ 0] [~ 1] [~/a/b/c 0] [b/c|~|c|c|c|H/a/b/c|%|)] [ok not3 not3 deep] [bad 3 three three deep] [0 nojobs] [1 jobs] [1 jobs] [..b/c|~/a/b/|defg] [^[[31mr^[[39m^[[104mk^[[49m^[[38;2;0;255;128m^[[1m^[[4m^[[7m^[[27m^[[24m^[[22m^[[39mx^[[K] [^[[31mr^[[39m^[[104mk^[[49m^[[38;2;0;255;128m^[[1m^[[4m^[[7m^[[27m^[[24m^[[22m^[[39mx^[[K] ^[[32mmore^[[39m a
b
[^[[31mr^[[39m^[[104mk^[[49m^[[38;2;0;255;128m^[[1m^[[4m^[[7m^[[27m^[[24m^[[22m^[[39mx^[[K] [^[[31mr^[[39m^[[104mk^[[49m^[[38;2;0;255;128m^[[1m^[[4m^[[7m^[[27m^[[24m^[[22m^[[39mx^[[K] [0]% [%?]%% 
--- PS4
+0 y false
+1 x echo hi
hi
