running 10-a
uncached
~/bin:/usr/bin:/bin V=1
--- both are current, whatever the PATH and directory of the check
rc: ~/.cache/luish/rc-HOST
  generated NOW
  up to date
login: ~/.cache/luish/login-HOST
  generated NOW
  up to date
status 0
no _uncached.lsh
--- quiet: no output when current
status 0
--- the cache is touched, and keeps its time
touched
same time
--- output that no fingerprint shows
uncached
V=1
login: ~/.cache/luish/login-HOST
  generated NOW
  variable V: changed
  rebuilt
status 1
uncached
V=2
status 0
--- a variable added, then removed
login: ~/.cache/luish/login-HOST
  generated NOW
  variable FLAG: added
  rebuilt
login: ~/.cache/luish/login-HOST
  generated NOW
  variable FLAG: removed
  rebuilt
--- an alias, in rc
rc: ~/.cache/luish/rc-HOST
  generated NOW
  alias origin: changed
  rebuilt
status 1
rc2
--- the time it was generated and last checked, as local time
login: ~/.cache/luish/login-HOST
  generated Sun Sep  9 01:46:40 2001 (N days ago)
  last checked Mon Sep 10 00:00:00 2001 (N days ago)
  up to date
--- a file changed, and another build of luish
login: ~/.cache/luish/login-HOST
  generated Sun Sep  9 01:46:40 2001 (N days ago)
  built by another build of luish (another-build)
  file changed: 10-a.lsh
  variable W: added
  rebuilt
status 0
--- built by a non-interactive login shell: without rc
running 10-a
uncached
V=2
m -l
status 0
--- errors
luish: 1: __luish_internal check-cache: illegal option -x
status 2
luish: 1: __luish_internal check-cache: other: no such cache (rc or login)
status 2
luish: 1: __luish_internal check-cache: startup caches are disabled (--no-plugins)
status 2
luish: 1: __luish_internal check-cache: ~/.cache/luish/login-HOST: not a cache of this version of luish (the next shell replaces it)
status 2
luish: 1: __luish_internal check-cache: cannot read ~/.cache/luish/login-HOST: No such file or directory
status 2
luish: 1: __luish_internal check-cache: ~/.cache/luish/rc-HOST: cannot rebuild it: its startup directory no longer exists
status 2
no startup caches
status 0
