X was set to "tmp" in ~/r.sh:3
X was set to "hello" in ~/r.sh:1
X was restored to "hello" after the command in ~/r.sh:4
X was set to "inner" in ~/r.sh:7, in function f
X was set to "inner" in ~/r.sh:7, in function f
X was set to "hello" in ~/r.sh:1
X was restored to "hello" on return from function f
X was unset in ~/r.sh:12
X was unset again on return from function f2
X was unset in ~/r.sh:18, in function f3
X was set to "1" in ~/r.sh:17
-- history
X was set to "tmp" in ~/r.sh:3
X was set to "hello" in ~/r.sh:1
X was set to "hello" in ~/r.sh:1
X was set to "tmp" in ~/r.sh:3
X was restored to "hello" after the command in ~/r.sh:3
X was set to "tmp" in ~/r.sh:4
X was restored to "hello" after the command in ~/r.sh:4
X was set to "inner" in ~/r.sh:7, in function f
X was set to "inner" in ~/r.sh:7, in function f
X was set to "hello" in ~/r.sh:1
X was set to "hello" in ~/r.sh:1
X was set to "tmp" in ~/r.sh:3
X was restored to "hello" after the command in ~/r.sh:3
X was set to "tmp" in ~/r.sh:4
X was restored to "hello" after the command in ~/r.sh:4
X was set to "inner" in ~/r.sh:7, in function f
X was set to "deeper" in ~/r.sh:8, in function h
X was restored to "inner" on return from function h
X was restored to "hello" on return from function f
X was unset in ~/r.sh:12
X was set to "hello" in ~/r.sh:1
X was set to "tmp" in ~/r.sh:3
X was restored to "hello" after the command in ~/r.sh:3
X was set to "tmp" in ~/r.sh:4
X was restored to "hello" after the command in ~/r.sh:4
X was set to "inner" in ~/r.sh:7, in function f
X was set to "deeper" in ~/r.sh:8, in function h
X was restored to "inner" on return from function h
X was restored to "hello" on return from function f
X was unset in ~/r.sh:12
X was set to "in" in ~/r.sh:13, in function f2
X was unset again on return from function f2
X was unset in ~/r.sh:18, in function f3
X was set to "1" in ~/r.sh:17
