--- in functions
./lib.sh: 2: nosuchcmd: not found
    nosuchcmd
  in function load_config, called at main.sh:3
      load_config
  in function setup, called at main.sh:5
      setup
./lib.sh: 3: cd: can't cd to /nonexistent
    cd /nonexistent
  in function load_config, called at main.sh:3
      load_config
  in function setup, called at main.sh:5
      setup
./lib.sh: 4: unsetvar: is required
    echo "${unsetvar?is required}"
  in function load_config, called at main.sh:3
      load_config
  in function setup, called at main.sh:5
      setup
status 2
--- at the top level of a script, as in dash
top.sh: 1: nosuchcmd: not found
    nosuchcmd
--- a file read with . (a syntax error)
./syntax.sh: 2: Syntax error: Unterminated quoted string
  in ./syntax.sh, sourced at line 1
      g() { . ./syntax.sh; }
  in function g, called at line 2
      g
--- in -c, the calls are at lines of the command
./lib.sh: 2: nosuchcmd: not found
    nosuchcmd
  in function load_config, called at line 2
      f() { load_config; }
  in function f, called at line 3
      f
./lib.sh: 3: cd: can't cd to /nonexistent
    cd /nonexistent
  in function load_config, called at line 2
      f() { load_config; }
  in function f, called at line 3
      f
./lib.sh: 4: unsetvar: is required
    echo "${unsetvar?is required}"
  in function load_config, called at line 2
      f() { load_config; }
  in function f, called at line 3
      f
--- a function from a saved state (or the startup cache) keeps its lines, also read elsewhere
./lib.sh: 2: nosuchcmd: not found
    nosuchcmd
  in function load_config, called at line 1
      . ../state; load_config
--- but not one that eval defined, nor one whose recorded lines do not fit
./evaldef.sh: nosuchcmd: not found
./lib.sh: nosuchcmd: not found
1: __luish_internal function-file: bad line numbers
    f() { :; }; __luish_internal function-file f ./lib.sh 1,x; echo "status $?"
status 2
--- recursion
1: Maximum function recursion depth (1000) reached
    r() { r; }; r
  in function r, called at line 1 (1000 times)
      r() { r; }; r
2: Maximum function recursion depth (1000) reached
    g() { f; }
  in function g, called at line 1
      f() { g; }
  in function f, called at line 2
      g() { f; }
  in function g, called at line 1
      f() { g; }
  in function f, called at line 2
      g() { f; }
  in function g, called at line 1
      f() { g; }
  in function f, called at line 2
      g() { f; }
  in function g, called at line 1
      f() { g; }
  in function f, called at line 2
      g() { f; }
  in function g, called at line 1
      f() { g; }
  in function f, called at line 2
      g() { f; }
  ... (980 more)
  in function g, called at line 1
      f() { g; }
  in function f, called at line 2
      g() { f; }
  in function g, called at line 1
      f() { g; }
  in function f, called at line 2
      g() { f; }
  in function g, called at line 1
      f() { g; }
  in function f, called at line 2
      g() { f; }
  in function g, called at line 1
      f() { g; }
  in function f, called at line 2
      g() { f; }
  in function g, called at line 1
      f() { g; }
  in function f, called at line 3
      f
--- an interactive shell names no lines at the prompt
1: nosuchcmd: not found
    g() { nosuchcmd; }; g
  in function g
--- the failing line is read again from its file, also after cd
./lib.sh: 2: nosuchcmd: not found
    nosuchcmd
--- no text for eval, nor line for a function that eval defined
2: nosuchcmd: not found
nosuchcmd: not found
  in function f, called at line 2
      nosuchcmd"; eval "f() { nosuchcmd; }"; f
--- a long line is cut, and control characters are shown as ?
long.sh: 1: nosuchcmd: not found
    nosuchcmd 000000000000000000000000000000000000000000000000000000000000000000000000000000000000000000000000000000000000000000000000000000000000000000000000000000 ...
    nosuchcmd ?x
--- no text for a call made in eval
1: nosuchcmd: not found
    f() { nosuchcmd; }
  in function f, called at line 3
--- the call sites are read again from their files, also after cd
./lib.sh: 2: nosuchcmd: not found
    nosuchcmd
  in function load_config, called at ./calls.sh:3
      load_config
  in function run, called at line 2
      run
