noglob
nounset
prompt.percent
---
allexport
cd.auto
editor.autosuggest
emacs
errexit
glob.bare_qualifiers
glob.star
hashall
history.ignore_space
history.inc_append
history.reduce_blanks
history.save_no_dups
history.share
ignoreeof
interactive
monitor
noclobber
noexec
nolog
notify
pipefail
privileged
pushd.auto
pushd.ignore_dups
pushd.silent
stdin
verbose
vi
xtrace
---
noglob
nounset
setopt_list.sh: 11: setopt: no such option: bogus
status 1
0
setopt_list.sh: 14: set: Illegal option -o promptpercent
status 2
