noglob
nounset
prompt.percent
---
allexport
cd.auto
editor.autosuggest
editor.no_highlight
emacs
errexit
expand.braces
glob.bare_qualifiers
glob.star
hashall
highlight.paths
history.expand
history.ignore_space
history.inc_append
history.reduce_blanks
history.save_no_dups
history.share
history.verify
ignoreeof
interactive
monitor
noclobber
noexec
nolog
notify
pipefail
privileged
prompt.transient_rprompt
pushd.auto
pushd.ignore_dups
pushd.silent
stdin
terminal.no_integration
vars.trace
vars.trace_history
verbose
vi
xtrace
---
noglob
nounset
setopt_list.sh: 11: setopt: no such option: bogus
    setopt promptpercent bogus 2>&1; echo "status $?"
status 1
0
setopt_list.sh: 14: set: Illegal option -o promptpercent
    (set -o promptpercent) 2>&1; echo "status $?"
status 2
