bye
same
hi it's
NONE
hi it's
X
ab
other: q r
greet 
greet loudly
[it's]
[1]
[a
b]
[unset]
greet='greet loudly'
ll='ls -l'
q='"'
0027
in d
/x
/it's here
uC
noclobber
nounset
prompt.percent
bye
status 1
k() {
    \greet
}
internal_savestate.sh: 33: __luish_internal: missing subcommand
    __luish_internal 2>&1; echo "status $?"
status 2
internal_savestate.sh: 34: __luish_internal: nosuch: unknown subcommand
    __luish_internal nosuch 2>&1; echo "status $?"
status 2
internal_savestate.sh: 35: __luish_internal savestate: too many arguments: extra
    __luish_internal savestate extra 2>&1; echo "status $?"
status 2
bye
