--- echo ${h[ap
apple]}	red
--- echo ${h[
\$x]}	z
a b]}	y
a\]b]}	x
apple]}	red
--- echo "${h[a
a b]}	y
a\]b]}	x
apple]}	red
--- echo ${h[a\]
a\]b]}	x
--- echo ${a[
0]}	first
1]}	second
--- echo ${s[
0]}	string
--- echo ${nosuch[
--- echo ${pipestatus[
0]}	0
0]}	a
1]}	b
2]}	c
3]}	d
4]}	e
5]}	f
6]}	g
7]}	h
8]}	i
9]}	j
10]}	k
11]}	l
1]}	b
10]}	k
11]}	l
