bye
same
hi it's
NONE
hi it's
X
ab
other: q r
greet 
greet loudly
[it's]
[1]
[a
b]
[unset]
greet='greet loudly'
ll='ls -l'
q='"'
0027
in d
uC
bye
status 1
k() {
    \greet
}
internal_savestate.sh: 31: __luish_internal: missing subcommand
status 2
internal_savestate.sh: 32: __luish_internal: nosuch: unknown subcommand
status 2
internal_savestate.sh: 33: __luish_internal savestate: too many arguments: extra
status 2
bye
