ok
internal_git_rev.sh: 16: __luish_internal print-git-rev: too many arguments: x
    __luish_internal print-git-rev x 2>&1; echo "status $?"
status 2
internal_git_rev.sh: 17: __luish_internal print-git-rev-short: too many arguments: x
    __luish_internal print-git-rev-short x 2>&1; echo "status $?"
status 2
