"^W" backward-kill-word
"^W" backward-kill-word
"^[[A" history-beginning-search-backward
"^[[A" history-beginning-search-backward
bindkey "^[." insert-last-word
"^X^E" undefined-key
"^W" kill-whole-line
bindkey "^X^E" undo
"^[[A" undefined-key
38
unknown widget: 1
unknown keymap: 1
bad sequence: 1
bad option: 1
__luish_internal bindkey '^W' kill-whole-line
__luish_internal bindkey '^X^E' undo
__luish_internal bindkey -r '^[[A'
"^W" kill-whole-line
"^X^E" undo
2
vi
emacs
"^[[A" undefined-key
bindkey "^[[1;5C" undefined-key
"^X^E" undo
"^[B" undefined-key
"^[[3;7~" kill-line
"^[[15;2~" undo
can't be typed: 1
no such key: 1
"^X^E" undo
"^[[15;2~" undo
"^_" undo
"\125p" undo
"\125p" undo
