--- declined: nothing changes
Fetching file://~/single
Adding to [plugins.enabled] in ~/.config/luish/config.toml:
    single = { git = "file://~/single" }
and running plugin sync. Continue? [y/N] Nothing changed
status 1
Fetching file://~/single
Adding to [plugins.enabled] in ~/.config/luish/config.toml:
    single = { git = "file://~/single" }
and running plugin sync. Continue? [y/N] Nothing changed
status 1
Fetching file://~/single
Adding to [plugins.enabled] in ~/.config/luish/config.toml:
    single = { git = "file://~/single" }
and running plugin sync. Continue? [y/N] 
Nothing changed
status 1
same
--- a git URL, accepted
Fetching file://~/single
Adding to [plugins.enabled] in ~/.config/luish/config.toml:
    single = { git = "file://~/single" }
and running plugin sync. Continue? [y/N] Fetching file://~/single
Fetching std
Locking file://~/single at 8f1244e
Locking std at 8894f95
2 git sources locked, 1 plugin enabled: single
single loaded
status 0
--- a git collection goes to plugins.available
Fetching file://~/gcoll
Fetching gcoll
Locking gcoll at 29d0fa1
3 git sources locked, 1 plugin enabled: single
gcoll has 2 plugins: p, q. Load one with plugin load gcoll/p, or enable it with plugin add gcoll/p
status 0
q
README
src
--- a git repository that is not there is not added
luish: 1: __luish_internal plugin: ~/nothing.git/: no such file or directory
    __luish_internal plugin add -y file://$HOME/nothing.git/; echo "status $?"
status 1
status 1
0
--- a git repository or a path without plugins is not added
Fetching file://~/notplug
luish: 1: __luish_internal plugin: file://~/notplug: no plugins in it
    __luish_internal plugin add -y file://$HOME/notplug; echo "status $?"
status 1
luish: 1: __luish_internal plugin: ./notplug/docs: no plugins in it
    __luish_internal plugin add -y ./notplug/docs; echo "status $?"
status 1
luish: 1: __luish_internal plugin: ./notplug/README.md: not a plugin (not a .rhai or .lsh file)
    __luish_internal plugin add -y ./notplug/README.md; echo "status $?"
status 1
0
--- one plugin and other directories: the plugin
Fetching file://~/mixed
Fetching file://~/mixed
Locking file://~/mixed at 4b05bff
4 git sources locked, 2 plugins enabled: single, mixed
mixed one loaded
status 0
--- a plugin of a named source, and one of the plugin directory
4 git sources locked, 3 plugins enabled: single, mixed, std/hello
hello from std
status 0
4 git sources locked, 4 plugins enabled: single, mixed, std/hello, mine
mine loaded
status 0
--- a local path, with a name; a local collection
4 git sources locked, 5 plugins enabled: single, mixed, std/hello, mine, first
a
status 0
4 git sources locked, 5 plugins enabled: single, mixed, std/hello, mine, first
coll has 2 plugins: a, b. Load one with plugin load coll/a, or enable it with plugin add coll/a
status 0
4 git sources locked, 6 plugins enabled: single, mixed, std/hello, mine, first, b
b
status 0
# My configuration.
[plugins.available]
std = { git = "file://~/luish", subdir = "std" }
gcoll = { git = "file://~/gcoll" }
coll = { path = "~/coll" }

[plugins.enabled]
# Nothing yet.
single = { git = "file://~/single" }
mixed = { git = "file://~/mixed" }
"std/hello" = "*"
mine = "*"
first = { path = "~/coll/a" }
b = { path = "~/coll/b" }

[options]
--- startup loads them
single loaded
mixed one loaded
hello from std
mine loaded
a
b
--- errors
luish: 1: __luish_internal plugin: first: already in plugins.enabled (give another name as the second argument)
    __luish_internal plugin add -y ./coll/a first; echo "status $?"
status 1
luish: 1: __luish_internal plugin: nothing: no such file or directory, and not a GitHub repository (OWNER/REPO) or URL
    __luish_internal plugin add -y nothing; echo "status $?"
status 1
luish: 1: __luish_internal plugin: o/r/blob/main/x: not a GitHub repository or directory
    __luish_internal plugin add -y https://github.com/o/r/blob/main/x; echo "status $?"
status 1
luish: 1: __luish_internal plugin: ./nothing: no such file or directory
    __luish_internal plugin add -y ./nothing; echo "status $?"
status 1
luish: 1: __luish_internal plugin: usage: plugin add [-y] PLUGIN [NAME]
    __luish_internal plugin add; echo "status $?"
status 2
luish: 1: __luish_internal plugin: cannot add to ~/.config/luish/config.toml: add this to its [plugins.enabled] table yourself:
a = { path = "~/coll/a" }
    __luish_internal plugin add -y ./coll/a; echo "status $?"
status 1
--- a configuration that is a symbolic link stays one
status 0
[plugins.enabled]
b = { path = "~/coll/b" }
