--- builds the cache
luish: ~/.config/luish/plugins/theme/plugin.toml: line 10: style.colorscheme: a plugin can't choose the colour scheme
luish: ~/.config/luish/plugins/theme/plugin.toml: line 11: style.terminal-colors: a plugin can't choose whether to set the terminal's colours
  default-dark
  default-light
* solar
keyword #268bd2
  keyword: #268bd2 (scheme solar)
string #b58900
  string: #b58900 (scheme solar)
command.unknown bold italic red
  command.unknown: bold red (scheme default-dark)
  command: italic (set by the user)
git.branch magenta
  git.branch: magenta (plugin default)
command italic
  command: italic (set by the user)
on
terminal.background #002b36
--- uses it
  default-dark
  default-light
* solar
keyword #268bd2
  keyword: #268bd2 (scheme solar)
string #b58900
  string: #b58900 (scheme solar)
command.unknown bold italic red
  command.unknown: bold red (scheme default-dark)
  command: italic (set by the user)
git.branch magenta
  git.branch: magenta (plugin default)
command italic
  command: italic (set by the user)
on
terminal.background #002b36
