--- startup: dependencies first, each once
helper
lib
one
tool (lib: yes, one: yes)
greet (helper: yes, tool: yes)
helper
coll/lib
one
coll/tool
greet
--- a later shell uses the cache (the extension is loaded again)
one
helper
coll/lib
one
coll/tool
greet
--- changing a manifest is noticed
helper
greet (helper: yes, tool: )
lib
helper
greet
coll/lib
--- scripts and --no-plugins load nothing
--- plugin list-available adds the plugins of the sources
greet
helper
coll/cyc1
coll/cyc2
coll/lib
coll/tool
--- plugin load: by SOURCE/NAME, with the dependencies not loaded yet
helper
lib
one
tool (lib: yes, one: yes)
helper
coll/lib
one
coll/tool
--- plugin list-available leaves out the loaded plugins, SOURCE/NAME too
greet
coll/cyc1
coll/cyc2
--- plugin unload SOURCE/NAME, and a path
helper
one
luish: 1: __luish_internal plugin: coll/tool: not loaded
    u() { __luish_internal plugin unload "$@"; }
  in function u, called at line 3
      __luish_internal plugin list-loaded; u coll/tool; u coll/nosuch nosuch/x; echo "status $?"
luish: 1: __luish_internal plugin: coll/nosuch: not loaded
    u() { __luish_internal plugin unload "$@"; }
  in function u, called at line 3
      __luish_internal plugin list-loaded; u coll/tool; u coll/nosuch nosuch/x; echo "status $?"
luish: 1: __luish_internal plugin: nosuch/x: not loaded
    u() { __luish_internal plugin unload "$@"; }
  in function u, called at line 3
      __luish_internal plugin list-loaded; u coll/tool; u coll/nosuch nosuch/x; echo "status $?"
status 1
--- plugin load: a path, whose plain dependencies are next to it
lib
one
tool (lib: yes, one: yes)
lib
one
tool
--- a dependency cycle
luish: ~/src/coll/cyc2/plugin.toml: line 2: dependency cycle: coll/cyc1 -> coll/cyc2 -> coll/cyc1
status 1
--- a source that is one plugin, and a plugin of a source of its own
one
lib
tool (lib: yes, one: yes)
one
lib
t
--- an empty table is an entry, the same as "*" (and not an empty SOURCE.SUB)
helper
lib
one
tool (lib: yes, one: yes)
helper
coll/lib
one
coll/tool
--- errors
luish: ~/.config/luish/config.toml: line 2: unknown key: plugins.bogus
luish: ~/.config/luish/config.toml: line 4: std: expected a table ({ gh = "OWNER/REPO" })
luish: ~/.config/luish/config.toml: line 5: x.gh: expected OWNER/REPO, found "no-slash"
luish: ~/.config/luish/config.toml: line 6: y: needs one of gh, git and path
luish: ~/.config/luish/config.toml: line 7: z: branch, tag and rev need gh or git
luish: ~/.config/luish/config.toml: line 8: w.rev: not a full commit hash
luish: ~/.config/luish/config.toml: line 9: v.subdir: must be a relative path inside the source
luish: ~/.config/luish/config.toml: line 10: u: unknown key: colour
luish: ~/.config/luish/config.toml: line 12: greet: unsupported version requirement "1.0" (only "*")
luish: ~/.config/luish/config.toml: line 14: a/b//c: bad plugin name (NAME or SOURCE/PATH)
luish: ~/.config/luish/config.toml: line 15: /x: only in the plugin.toml of a plugin of a collection
luish: ~/.config/luish/config.toml: line 16: nosuch: no such plugin
luish: ~/.config/luish/config.toml: line 13: a/b/c: no source called a
luish: ~/.config/luish/config.toml: line 17: nosrc/x: no source called nosrc
helper
helper
--- SOURCE/NAME must be quoted in TOML
luish: ~/.config/luish/config.toml: line 2: unexpected character found: `/`
--- plugins of a collection are named SOURCE/NAME, so these differ
helper
other helper
helper
coll/helper
--- the same name for two plugins: those of a source without a name are
--- named after their files
luish: ~/src/coll/tool/plugin.toml: line 2: lib: two different plugins with this name (from local and ~/src/coll)
local lib
one
lib
one
